// Jest Snapshot v1, https://goo.gl/fbAQLP

exports[`NewCardForm that it matches the existing snapshot 1`] = `
<DocumentFragment>
  <form
    class="new-card-form"
    data-testid="NewCardForm--form"
  >
    <div>
      <label
        class="new-card-form__form-label"
        for="text"
      >
        Text:
      </label>
      <input
        class=""
        id="text"
        name="text"
        value=""
      />
    </div>
    <div>
      <label
        class="new-card-form__form-label"
        for="emoji"
      >
        Emoji:
        <select
          id="emoji"
          name="emoji"
        >
          <option
            value=""
          />
          <option
            value="heart_eyes"
          >
            heart_eyes
          </option>
          <option
            value="beer"
          >
            beer
          </option>
          <option
            value="clap"
          >
            clap
          </option>
          <option
            value="sparkling_heart"
          >
            sparkling_heart
          </option>
          <option
            value="heart_eyes_cat"
          >
            heart_eyes_cat
          </option>
          <option
            value="dog"
          >
            dog
          </option>
        </select>
      </label>
    </div>
    <input
      type="submit"
      value="Add Card"
    />
  </form>
</DocumentFragment>
`;
